// Jest Snapshot v1, https://goo.gl/fbAQLP

exports[`<App /> should render <App /> correctly 1`] = `
ShallowWrapper {
  "length": 1,
  Symbol(enzyme.__root__): [Circular],
  Symbol(enzyme.__unrendered__): <App />,
  Symbol(enzyme.__renderer__): Object {
    "batchedUpdates": [Function],
    "getNode": [Function],
    "render": [Function],
    "simulateEvent": [Function],
    "unmount": [Function],
  },
  Symbol(enzyme.__node__): Object {
    "instance": null,
    "key": undefined,
    "nodeType": "host",
    "props": Object {
      "children": Array [
        <Row
          gutter={0}
>
          <Search
                    enterButton={false}
                    inputPrefixCls="ant-input"
                    onSearch={[Function]}
                    placeholder="input search text"
                    prefixCls="ant-input-search"
                    style={
                              Object {
                                        "width": 300,
                                      }
                    }
          />
</Row>,
        <Row
          gutter={0}
          style={
                    Object {
                              "margin": "30px 0",
                              "textAlign": "center",
                            }
          }
>
          是否展示完整地址：
          <Switch
                    checkedChildren="是"
                    onChange={[Function]}
                    prefixCls="ant-switch"
                    unCheckedChildren="否"
          />
</Row>,
        <Row
          gutter={0}
          style={
                    Object {
                              "margin": "30px 0",
                              "textAlign": "center",
                            }
          }
>
          <Col
                    span={24}
          >
                    <SummaryTable
                              class="SummaryTable"
                              datas={Object {}}
                              long_value_style={
                                        Object {
                                                  "overflow": "hidden",
                                                  "textOverflow": "ellipsis",
                                                  "whiteSpace": "nowrap",
                                                  "width": "250px",
                                                }
                              }
                    />
          </Col>
</Row>,
        <Row
          gutter={0}
>
          <Table
                    bordered={false}
                    className="components-table-demo-nested"
                    columns={
                              Array [
                                        Object {
                                          "dataIndex": "hash",
                                          "key": "hash",
                                          "render": [Function],
                                          "title": "hash",
                                        },
                                        Object {
                                          "dataIndex": "size",
                                          "key": "size",
                                          "render": [Function],
                                          "title": "size",
                                        },
                                        Object {
                                          "dataIndex": "nid",
                                          "key": "nid",
                                          "render": [Function],
                                          "title": "nid",
                                        },
                                      ]
                    }
                    dataSource={Array []}
                    defaultExpandAllRows={true}
                    expandedRowRender={[Function]}
                    indentSize={20}
                    loading={false}
                    locale={Object {}}
                    prefixCls="ant-table"
                    rowKey="key"
                    showHeader={true}
                    size="large"
                    useFixedHeader={false}
          />
</Row>,
      ],
      "className": "App",
    },
    "ref": null,
    "rendered": Array [
      Object {
        "instance": null,
        "key": undefined,
        "nodeType": "class",
        "props": Object {
          "children": <Search
            enterButton={false}
            inputPrefixCls="ant-input"
            onSearch={[Function]}
            placeholder="input search text"
            prefixCls="ant-input-search"
            style={
                        Object {
                                    "width": 300,
                                  }
            }
/>,
          "gutter": 0,
        },
        "ref": null,
        "rendered": Object {
          "instance": null,
          "key": undefined,
          "nodeType": "class",
          "props": Object {
            "enterButton": false,
            "inputPrefixCls": "ant-input",
            "onSearch": [Function],
            "placeholder": "input search text",
            "prefixCls": "ant-input-search",
            "style": Object {
              "width": 300,
            },
          },
          "ref": null,
          "rendered": null,
          "type": [Function],
        },
        "type": [Function],
      },
      Object {
        "instance": null,
        "key": undefined,
        "nodeType": "class",
        "props": Object {
          "children": Array [
            "是否展示完整地址：",
            <Switch
              checkedChildren="是"
              onChange={[Function]}
              prefixCls="ant-switch"
              unCheckedChildren="否"
/>,
          ],
          "gutter": 0,
          "style": Object {
            "margin": "30px 0",
            "textAlign": "center",
          },
        },
        "ref": null,
        "rendered": Array [
          "是否展示完整地址：",
          Object {
            "instance": null,
            "key": undefined,
            "nodeType": "class",
            "props": Object {
              "checkedChildren": "是",
              "onChange": [Function],
              "prefixCls": "ant-switch",
              "unCheckedChildren": "否",
            },
            "ref": null,
            "rendered": null,
            "type": [Function],
          },
        ],
        "type": [Function],
      },
      Object {
        "instance": null,
        "key": undefined,
        "nodeType": "class",
        "props": Object {
          "children": <Col
            span={24}
>
            <SummaryTable
                        class="SummaryTable"
                        datas={Object {}}
                        long_value_style={
                                    Object {
                                                "overflow": "hidden",
                                                "textOverflow": "ellipsis",
                                                "whiteSpace": "nowrap",
                                                "width": "250px",
                                              }
                        }
            />
</Col>,
          "gutter": 0,
          "style": Object {
            "margin": "30px 0",
            "textAlign": "center",
          },
        },
        "ref": null,
        "rendered": Object {
          "instance": null,
          "key": undefined,
          "nodeType": "class",
          "props": Object {
            "children": <SummaryTable
              class="SummaryTable"
              datas={Object {}}
              long_value_style={
                            Object {
                                          "overflow": "hidden",
                                          "textOverflow": "ellipsis",
                                          "whiteSpace": "nowrap",
                                          "width": "250px",
                                        }
              }
/>,
            "span": 24,
          },
          "ref": null,
          "rendered": Object {
            "instance": null,
            "key": undefined,
            "nodeType": "function",
            "props": Object {
              "class": "SummaryTable",
              "datas": Object {},
              "long_value_style": Object {
                "overflow": "hidden",
                "textOverflow": "ellipsis",
                "whiteSpace": "nowrap",
                "width": "250px",
              },
            },
            "ref": null,
            "rendered": null,
            "type": [Function],
          },
          "type": [Function],
        },
        "type": [Function],
      },
      Object {
        "instance": null,
        "key": undefined,
        "nodeType": "class",
        "props": Object {
          "children": <Table
            bordered={false}
            className="components-table-demo-nested"
            columns={
                        Array [
                                    Object {
                                      "dataIndex": "hash",
                                      "key": "hash",
                                      "render": [Function],
                                      "title": "hash",
                                    },
                                    Object {
                                      "dataIndex": "size",
                                      "key": "size",
                                      "render": [Function],
                                      "title": "size",
                                    },
                                    Object {
                                      "dataIndex": "nid",
                                      "key": "nid",
                                      "render": [Function],
                                      "title": "nid",
                                    },
                                  ]
            }
            dataSource={Array []}
            defaultExpandAllRows={true}
            expandedRowRender={[Function]}
            indentSize={20}
            loading={false}
            locale={Object {}}
            prefixCls="ant-table"
            rowKey="key"
            showHeader={true}
            size="large"
            useFixedHeader={false}
/>,
          "gutter": 0,
        },
        "ref": null,
        "rendered": Object {
          "instance": null,
          "key": undefined,
          "nodeType": "class",
          "props": Object {
            "bordered": false,
            "className": "components-table-demo-nested",
            "columns": Array [
              Object {
                "dataIndex": "hash",
                "key": "hash",
                "render": [Function],
                "title": "hash",
              },
              Object {
                "dataIndex": "size",
                "key": "size",
                "render": [Function],
                "title": "size",
              },
              Object {
                "dataIndex": "nid",
                "key": "nid",
                "render": [Function],
                "title": "nid",
              },
            ],
            "dataSource": Array [],
            "defaultExpandAllRows": true,
            "expandedRowRender": [Function],
            "indentSize": 20,
            "loading": false,
            "locale": Object {},
            "prefixCls": "ant-table",
            "rowKey": "key",
            "showHeader": true,
            "size": "large",
            "useFixedHeader": false,
          },
          "ref": null,
          "rendered": null,
          "type": [Function],
        },
        "type": [Function],
      },
    ],
    "type": "div",
  },
  Symbol(enzyme.__nodes__): Array [
    Object {
      "instance": null,
      "key": undefined,
      "nodeType": "host",
      "props": Object {
        "children": Array [
          <Row
            gutter={0}
>
            <Search
                        enterButton={false}
                        inputPrefixCls="ant-input"
                        onSearch={[Function]}
                        placeholder="input search text"
                        prefixCls="ant-input-search"
                        style={
                                    Object {
                                                "width": 300,
                                              }
                        }
            />
</Row>,
          <Row
            gutter={0}
            style={
                        Object {
                                    "margin": "30px 0",
                                    "textAlign": "center",
                                  }
            }
>
            是否展示完整地址：
            <Switch
                        checkedChildren="是"
                        onChange={[Function]}
                        prefixCls="ant-switch"
                        unCheckedChildren="否"
            />
</Row>,
          <Row
            gutter={0}
            style={
                        Object {
                                    "margin": "30px 0",
                                    "textAlign": "center",
                                  }
            }
>
            <Col
                        span={24}
            >
                        <SummaryTable
                                    class="SummaryTable"
                                    datas={Object {}}
                                    long_value_style={
                                                Object {
                                                            "overflow": "hidden",
                                                            "textOverflow": "ellipsis",
                                                            "whiteSpace": "nowrap",
                                                            "width": "250px",
                                                          }
                                    }
                        />
            </Col>
</Row>,
          <Row
            gutter={0}
>
            <Table
                        bordered={false}
                        className="components-table-demo-nested"
                        columns={
                                    Array [
                                                Object {
                                                  "dataIndex": "hash",
                                                  "key": "hash",
                                                  "render": [Function],
                                                  "title": "hash",
                                                },
                                                Object {
                                                  "dataIndex": "size",
                                                  "key": "size",
                                                  "render": [Function],
                                                  "title": "size",
                                                },
                                                Object {
                                                  "dataIndex": "nid",
                                                  "key": "nid",
                                                  "render": [Function],
                                                  "title": "nid",
                                                },
                                              ]
                        }
                        dataSource={Array []}
                        defaultExpandAllRows={true}
                        expandedRowRender={[Function]}
                        indentSize={20}
                        loading={false}
                        locale={Object {}}
                        prefixCls="ant-table"
                        rowKey="key"
                        showHeader={true}
                        size="large"
                        useFixedHeader={false}
            />
</Row>,
        ],
        "className": "App",
      },
      "ref": null,
      "rendered": Array [
        Object {
          "instance": null,
          "key": undefined,
          "nodeType": "class",
          "props": Object {
            "children": <Search
              enterButton={false}
              inputPrefixCls="ant-input"
              onSearch={[Function]}
              placeholder="input search text"
              prefixCls="ant-input-search"
              style={
                            Object {
                                          "width": 300,
                                        }
              }
/>,
            "gutter": 0,
          },
          "ref": null,
          "rendered": Object {
            "instance": null,
            "key": undefined,
            "nodeType": "class",
            "props": Object {
              "enterButton": false,
              "inputPrefixCls": "ant-input",
              "onSearch": [Function],
              "placeholder": "input search text",
              "prefixCls": "ant-input-search",
              "style": Object {
                "width": 300,
              },
            },
            "ref": null,
            "rendered": null,
            "type": [Function],
          },
          "type": [Function],
        },
        Object {
          "instance": null,
          "key": undefined,
          "nodeType": "class",
          "props": Object {
            "children": Array [
              "是否展示完整地址：",
              <Switch
                checkedChildren="是"
                onChange={[Function]}
                prefixCls="ant-switch"
                unCheckedChildren="否"
/>,
            ],
            "gutter": 0,
            "style": Object {
              "margin": "30px 0",
              "textAlign": "center",
            },
          },
          "ref": null,
          "rendered": Array [
            "是否展示完整地址：",
            Object {
              "instance": null,
              "key": undefined,
              "nodeType": "class",
              "props": Object {
                "checkedChildren": "是",
                "onChange": [Function],
                "prefixCls": "ant-switch",
                "unCheckedChildren": "否",
              },
              "ref": null,
              "rendered": null,
              "type": [Function],
            },
          ],
          "type": [Function],
        },
        Object {
          "instance": null,
          "key": undefined,
          "nodeType": "class",
          "props": Object {
            "children": <Col
              span={24}
>
              <SummaryTable
                            class="SummaryTable"
                            datas={Object {}}
                            long_value_style={
                                          Object {
                                                        "overflow": "hidden",
                                                        "textOverflow": "ellipsis",
                                                        "whiteSpace": "nowrap",
                                                        "width": "250px",
                                                      }
                            }
              />
</Col>,
            "gutter": 0,
            "style": Object {
              "margin": "30px 0",
              "textAlign": "center",
            },
          },
          "ref": null,
          "rendered": Object {
            "instance": null,
            "key": undefined,
            "nodeType": "class",
            "props": Object {
              "children": <SummaryTable
                class="SummaryTable"
                datas={Object {}}
                long_value_style={
                                Object {
                                                "overflow": "hidden",
                                                "textOverflow": "ellipsis",
                                                "whiteSpace": "nowrap",
                                                "width": "250px",
                                              }
                }
/>,
              "span": 24,
            },
            "ref": null,
            "rendered": Object {
              "instance": null,
              "key": undefined,
              "nodeType": "function",
              "props": Object {
                "class": "SummaryTable",
                "datas": Object {},
                "long_value_style": Object {
                  "overflow": "hidden",
                  "textOverflow": "ellipsis",
                  "whiteSpace": "nowrap",
                  "width": "250px",
                },
              },
              "ref": null,
              "rendered": null,
              "type": [Function],
            },
            "type": [Function],
          },
          "type": [Function],
        },
        Object {
          "instance": null,
          "key": undefined,
          "nodeType": "class",
          "props": Object {
            "children": <Table
              bordered={false}
              className="components-table-demo-nested"
              columns={
                            Array [
                                          Object {
                                            "dataIndex": "hash",
                                            "key": "hash",
                                            "render": [Function],
                                            "title": "hash",
                                          },
                                          Object {
                                            "dataIndex": "size",
                                            "key": "size",
                                            "render": [Function],
                                            "title": "size",
                                          },
                                          Object {
                                            "dataIndex": "nid",
                                            "key": "nid",
                                            "render": [Function],
                                            "title": "nid",
                                          },
                                        ]
              }
              dataSource={Array []}
              defaultExpandAllRows={true}
              expandedRowRender={[Function]}
              indentSize={20}
              loading={false}
              locale={Object {}}
              prefixCls="ant-table"
              rowKey="key"
              showHeader={true}
              size="large"
              useFixedHeader={false}
/>,
            "gutter": 0,
          },
          "ref": null,
          "rendered": Object {
            "instance": null,
            "key": undefined,
            "nodeType": "class",
            "props": Object {
              "bordered": false,
              "className": "components-table-demo-nested",
              "columns": Array [
                Object {
                  "dataIndex": "hash",
                  "key": "hash",
                  "render": [Function],
                  "title": "hash",
                },
                Object {
                  "dataIndex": "size",
                  "key": "size",
                  "render": [Function],
                  "title": "size",
                },
                Object {
                  "dataIndex": "nid",
                  "key": "nid",
                  "render": [Function],
                  "title": "nid",
                },
              ],
              "dataSource": Array [],
              "defaultExpandAllRows": true,
              "expandedRowRender": [Function],
              "indentSize": 20,
              "loading": false,
              "locale": Object {},
              "prefixCls": "ant-table",
              "rowKey": "key",
              "showHeader": true,
              "size": "large",
              "useFixedHeader": false,
            },
            "ref": null,
            "rendered": null,
            "type": [Function],
          },
          "type": [Function],
        },
      ],
      "type": "div",
    },
  ],
  Symbol(enzyme.__options__): Object {
    "adapter": ReactSixteenAdapter {
      "options": Object {
        "enableComponentDidUpdateOnSetState": true,
      },
    },
  },
}
`;
